../Drivers/STM32WBxx_HAL_Driver/Inc/stm32wbxx_ll_rcc.h:1679:22:void LL_RCC_LSE_SetDriveCapability(uint32_t)	16	static
../Drivers/STM32WBxx_HAL_Driver/Inc/stm32wbxx_ll_bus.h:539:22:void LL_AHB2_GRP1_EnableClock(uint32_t)	24	static
../Core/Src/main.cpp:77:26:HAL_StatusTypeDef UART_Transmit(float, float, float, float, float)	112	static
../Core/Src/main.cpp:97:26:HAL_StatusTypeDef UART_Transmit_Begin(float, float, float, float, float)	112	static
../Core/Src/main.cpp:117:6:void HAL_TIM_PeriodElapsedCallback(TIM_HandleTypeDef*)	16	static
../Core/Src/main.cpp:131:5:int main()	5656	static
../Core/Src/main.cpp:246:6:void SystemClock_Config()	112	static
../Core/Src/main.cpp:310:6:void PeriphCommonClock_Config()	88	static
../Core/Src/main.cpp:332:13:void MX_I2C1_Init()	8	static
../Core/Src/main.cpp:377:13:void MX_I2C3_Init()	8	static
../Core/Src/main.cpp:422:13:void MX_MEMORYMAP_Init()	4	static
../Core/Src/main.cpp:442:13:void MX_TIM2_Init()	40	static
../Core/Src/main.cpp:484:13:void MX_USART1_UART_Init()	8	static
../Core/Src/main.cpp:529:13:void MX_USB_PCD_Init()	8	static
../Core/Src/main.cpp:560:13:void MX_GPIO_Init()	32	static
../Core/Src/main.cpp:605:6:void Error_Handler()	4	static,ignoring_inline_asm
